[2025-10-05 22:17:49:3717][restartedMain] DEBUG o.s.w.s.s.s.WebSocketHandlerMapping - Patterns [/chat/**, /adminchat/**] in 'stompWebSocketHandlerMapping'
[2025-10-05 22:17:49:3736][restartedMain] DEBUG o.s.w.s.s.s.WebSocketHandlerMapping - Patterns [/signal] in 'webSocketHandlerMapping'
[2025-10-05 22:17:49:3806][restartedMain] DEBUG o.s.w.s.m.m.a.RequestMappingHandlerMapping - 75 mappings in 'requestMappingHandlerMapping'
[2025-10-05 22:17:49:4164][restartedMain] DEBUG o.s.w.s.h.SimpleUrlHandlerMapping - Patterns [/webjars/**, /**, /imgs/**, /logs/**] in 'resourceHandlerMapping'
[2025-10-05 22:17:49:4268][restartedMain] DEBUG o.s.w.s.m.WebSocketAnnotationMethodMessageHandler - 
	e.s.c.AdminMsgController:
	{[MESSAGE],[/adminreceiveto]}: adminreceiveto(Msg,SimpMessageHeaderAccessor)
[2025-10-05 22:17:49:4269][restartedMain] DEBUG o.s.w.s.m.WebSocketAnnotationMethodMessageHandler - 
	e.s.c.ChartController:
	
[2025-10-05 22:17:49:4269][restartedMain] DEBUG o.s.w.s.m.WebSocketAnnotationMethodMessageHandler - 
	e.s.c.ChartRestController:
	
[2025-10-05 22:17:49:4269][restartedMain] DEBUG o.s.w.s.m.WebSocketAnnotationMethodMessageHandler - 
	e.s.c.ChatController:
	
[2025-10-05 22:17:49:4269][restartedMain] DEBUG o.s.w.s.m.WebSocketAnnotationMethodMessageHandler - 
	e.s.c.CustController:
	
[2025-10-05 22:17:49:4269][restartedMain] DEBUG o.s.w.s.m.WebSocketAnnotationMethodMessageHandler - 
	e.s.c.InquiryController:
	
[2025-10-05 22:17:49:4269][restartedMain] DEBUG o.s.w.s.m.WebSocketAnnotationMethodMessageHandler - 
	e.s.c.LoginController:
	
[2025-10-05 22:17:49:4269][restartedMain] DEBUG o.s.w.s.m.WebSocketAnnotationMethodMessageHandler - 
	e.s.c.MainController:
	
[2025-10-05 22:17:49:4270][restartedMain] DEBUG o.s.w.s.m.WebSocketAnnotationMethodMessageHandler - 
	e.s.c.MainRestController:
	
[2025-10-05 22:17:49:4270][restartedMain] DEBUG o.s.w.s.m.WebSocketAnnotationMethodMessageHandler - 
	e.s.c.MapController:
	
[2025-10-05 22:17:49:4270][restartedMain] DEBUG o.s.w.s.m.WebSocketAnnotationMethodMessageHandler - 
	e.s.c.MapRestController:
	
[2025-10-05 22:17:49:4270][restartedMain] DEBUG o.s.w.s.m.WebSocketAnnotationMethodMessageHandler - 
	e.s.c.MsgController:
	{[MESSAGE],[/receiveall]}: receiveall(Msg,SimpMessageHeaderAccessor)
	{[MESSAGE],[/receiveme]}: receiveme(Msg,SimpMessageHeaderAccessor)
	{[MESSAGE],[/receiveto]}: receiveto(Msg,SimpMessageHeaderAccessor)
[2025-10-05 22:17:49:4270][restartedMain] DEBUG o.s.w.s.m.WebSocketAnnotationMethodMessageHandler - 
	e.s.c.ProductController:
	
[2025-10-05 22:17:49:4270][restartedMain] DEBUG o.s.w.s.m.WebSocketAnnotationMethodMessageHandler - 
	e.s.c.WeatherController:
	
[2025-10-05 22:17:49:4271][restartedMain] DEBUG o.s.w.s.m.WebSocketAnnotationMethodMessageHandler - 
	o.s.b.a.w.s.e.BasicErrorController:
	
[2025-10-05 22:17:49:4327][restartedMain] DEBUG o.s.w.s.m.m.a.RequestMappingHandlerAdapter - ControllerAdvice beans: 0 @ModelAttribute, 0 @InitBinder, 1 RequestBodyAdvice, 1 ResponseBodyAdvice
[2025-10-05 22:17:49:4375][restartedMain] DEBUG o.s.w.s.m.m.a.ExceptionHandlerExceptionResolver - ControllerAdvice beans: 0 @ExceptionHandler, 1 ResponseBodyAdvice
[2025-10-05 22:17:49:4540][restartedMain] DEBUG o.springframework.web.SimpLogging - clientOutboundChannel added SubProtocolWebSocketHandler[StompSubProtocolHandler[v10.stomp, v11.stomp, v12.stomp]]
[2025-10-05 22:17:49:4540][restartedMain] DEBUG o.springframework.web.SimpLogging - clientInboundChannel added WebSocketAnnotationMethodMessageHandler[prefixes=[]]
[2025-10-05 22:17:49:4541][restartedMain] DEBUG o.springframework.web.SimpLogging - clientInboundChannel added SimpleBrokerMessageHandler [org.springframework.messaging.simp.broker.DefaultSubscriptionRegistry@7af69d11]
[2025-10-05 22:17:49:4541][restartedMain] DEBUG o.springframework.web.SimpLogging - brokerChannel added SimpleBrokerMessageHandler [org.springframework.messaging.simp.broker.DefaultSubscriptionRegistry@7af69d11]
[2025-10-05 22:17:49:4543][restartedMain] DEBUG o.springframework.web.SimpLogging - clientInboundChannel added UserDestinationMessageHandler[DefaultUserDestinationResolver[prefix=/user/]]
[2025-10-05 22:17:49:4543][restartedMain] DEBUG o.springframework.web.SimpLogging - brokerChannel added UserDestinationMessageHandler[DefaultUserDestinationResolver[prefix=/user/]]
[2025-10-05 22:18:39:54056][https-jsse-nio-8443-exec-7] INFO  o.s.web.servlet.DispatcherServlet - Initializing Servlet 'dispatcherServlet'
[2025-10-05 22:18:39:54056][https-jsse-nio-8443-exec-7] DEBUG o.s.web.servlet.DispatcherServlet - Detected StandardServletMultipartResolver
[2025-10-05 22:18:39:54057][https-jsse-nio-8443-exec-7] DEBUG o.s.web.servlet.DispatcherServlet - Detected AcceptHeaderLocaleResolver
[2025-10-05 22:18:39:54057][https-jsse-nio-8443-exec-7] DEBUG o.s.web.servlet.DispatcherServlet - Detected FixedThemeResolver
[2025-10-05 22:18:39:54058][https-jsse-nio-8443-exec-7] DEBUG o.s.web.servlet.DispatcherServlet - Detected org.springframework.web.servlet.view.DefaultRequestToViewNameTranslator@7865aa1d
[2025-10-05 22:18:39:54058][https-jsse-nio-8443-exec-7] DEBUG o.s.web.servlet.DispatcherServlet - Detected org.springframework.web.servlet.support.SessionFlashMapManager@5bb91b25
[2025-10-05 22:18:39:54058][https-jsse-nio-8443-exec-7] DEBUG o.s.web.servlet.DispatcherServlet - enableLoggingRequestDetails='false': request parameters and headers will be masked to prevent unsafe logging of potentially sensitive data
[2025-10-05 22:18:39:54059][https-jsse-nio-8443-exec-7] INFO  o.s.web.servlet.DispatcherServlet - Completed initialization in 3 ms
[2025-10-05 22:18:39:54093][https-jsse-nio-8443-exec-7] DEBUG o.s.web.servlet.DispatcherServlet - GET "/", parameters={}
[2025-10-05 22:18:39:54096][https-jsse-nio-8443-exec-7] DEBUG o.s.w.s.m.m.a.RequestMappingHandlerMapping - Mapped to edu.sm.controller.MainController#main(Model)
[2025-10-05 22:18:39:54122][https-jsse-nio-8443-exec-7] DEBUG o.s.w.s.v.ContentNegotiatingViewResolver - Selected 'text/html' given [text/html, application/xhtml+xml, image/avif, image/webp, image/apng, application/xml;q=0.9, */*;q=0.8, application/signed-exchange;v=b3;q=0.7]
[2025-10-05 22:18:39:54122][https-jsse-nio-8443-exec-7] DEBUG o.s.web.servlet.view.JstlView - View name [index], model {}
[2025-10-05 22:18:39:54128][https-jsse-nio-8443-exec-7] DEBUG o.s.web.servlet.view.JstlView - Forwarding to [/views/index.jsp]
[2025-10-05 22:18:40:55075][https-jsse-nio-8443-exec-7] DEBUG o.s.web.servlet.DispatcherServlet - Completed 200 OK
[2025-10-05 22:18:40:55109][https-jsse-nio-8443-exec-4] DEBUG o.s.web.servlet.DispatcherServlet - GET "/webjars/sockjs-client/sockjs.min.js", parameters={}
[2025-10-05 22:18:40:55110][https-jsse-nio-8443-exec-4] DEBUG o.s.w.s.h.SimpleUrlHandlerMapping - Mapped to ResourceHttpRequestHandler [classpath [META-INF/resources/webjars/]]
[2025-10-05 22:18:40:55132][https-jsse-nio-8443-exec-4] DEBUG o.s.web.servlet.DispatcherServlet - Completed 200 OK
[2025-10-05 22:18:40:55135][https-jsse-nio-8443-exec-4] DEBUG o.s.web.servlet.DispatcherServlet - GET "/webjars/stomp-websocket/stomp.min.js", parameters={}
[2025-10-05 22:18:40:55136][https-jsse-nio-8443-exec-4] DEBUG o.s.w.s.h.SimpleUrlHandlerMapping - Mapped to ResourceHttpRequestHandler [classpath [META-INF/resources/webjars/]]
[2025-10-05 22:18:40:55141][https-jsse-nio-8443-exec-4] DEBUG o.s.web.servlet.DispatcherServlet - Completed 200 OK
[2025-10-05 22:18:41:55835][https-jsse-nio-8443-exec-3] DEBUG o.s.web.servlet.DispatcherServlet - GET "/favicon.ico", parameters={}
[2025-10-05 22:18:41:55836][https-jsse-nio-8443-exec-3] DEBUG o.s.w.s.h.SimpleUrlHandlerMapping - Mapped to ResourceHttpRequestHandler [classpath [META-INF/resources/], classpath [resources/], classpath [static/], classpath [public/], ServletContext [/]]
[2025-10-05 22:18:41:55838][https-jsse-nio-8443-exec-3] DEBUG o.s.w.s.r.ResourceHttpRequestHandler - Resource not found
[2025-10-05 22:18:41:55842][https-jsse-nio-8443-exec-3] DEBUG o.s.w.s.m.s.DefaultHandlerExceptionResolver - Resolved [org.springframework.web.servlet.resource.NoResourceFoundException: No static resource favicon.ico.]
[2025-10-05 22:18:41:55842][https-jsse-nio-8443-exec-3] DEBUG o.s.web.servlet.DispatcherServlet - Completed 404 NOT_FOUND
[2025-10-05 22:18:41:55846][https-jsse-nio-8443-exec-3] DEBUG o.s.web.servlet.DispatcherServlet - "ERROR" dispatch for GET "/error", parameters={}
[2025-10-05 22:18:41:55846][https-jsse-nio-8443-exec-3] DEBUG o.s.w.s.m.m.a.RequestMappingHandlerMapping - Mapped to org.springframework.boot.autoconfigure.web.servlet.error.BasicErrorController#error(HttpServletRequest)
[2025-10-05 22:18:41:55862][https-jsse-nio-8443-exec-3] DEBUG o.s.w.s.m.m.a.HttpEntityMethodProcessor - Using 'application/json;q=0.8', given [image/avif, image/webp, image/apng, image/svg+xml, image/*, */*;q=0.8] and supported [application/json, application/*+json]
[2025-10-05 22:18:41:55865][https-jsse-nio-8443-exec-3] DEBUG o.s.w.s.m.m.a.HttpEntityMethodProcessor - Writing [{timestamp=Sun Oct 05 22:18:41 KST 2025, status=404, error=Not Found, trace=org.springframework.web. (truncated)...]
[2025-10-05 22:18:41:55900][https-jsse-nio-8443-exec-3] DEBUG o.s.web.servlet.DispatcherServlet - Exiting from "ERROR" dispatch, status 404
[2025-10-05 22:18:44:58742][https-jsse-nio-8443-exec-9] DEBUG o.s.web.servlet.DispatcherServlet - GET "/wt2", parameters={}
[2025-10-05 22:18:44:58742][https-jsse-nio-8443-exec-9] DEBUG o.s.w.s.m.m.a.RequestMappingHandlerMapping - Mapped to edu.sm.controller.MainController#wt2(Model)
[2025-10-05 22:18:44:58744][https-jsse-nio-8443-exec-9] DEBUG o.s.w.s.v.ContentNegotiatingViewResolver - Selected 'text/html' given [text/html, application/xhtml+xml, image/avif, image/webp, image/apng, application/xml;q=0.9, */*;q=0.8, application/signed-exchange;v=b3;q=0.7]
[2025-10-05 22:18:44:58744][https-jsse-nio-8443-exec-9] DEBUG o.s.web.servlet.view.JstlView - View name [index], model {center=wt2}
[2025-10-05 22:18:44:58744][https-jsse-nio-8443-exec-9] DEBUG o.s.web.servlet.view.JstlView - Forwarding to [/views/index.jsp]
[2025-10-05 22:18:44:58812][https-jsse-nio-8443-exec-9] DEBUG o.s.web.servlet.DispatcherServlet - Completed 200 OK
[2025-10-05 22:18:44:58832][https-jsse-nio-8443-exec-6] DEBUG o.s.web.servlet.DispatcherServlet - GET "/webjars/sockjs-client/sockjs.min.js", parameters={}
[2025-10-05 22:18:44:58832][https-jsse-nio-8443-exec-10] DEBUG o.s.web.servlet.DispatcherServlet - GET "/webjars/stomp-websocket/stomp.min.js", parameters={}
[2025-10-05 22:18:44:58833][https-jsse-nio-8443-exec-6] DEBUG o.s.w.s.h.SimpleUrlHandlerMapping - Mapped to ResourceHttpRequestHandler [classpath [META-INF/resources/webjars/]]
[2025-10-05 22:18:44:58833][https-jsse-nio-8443-exec-10] DEBUG o.s.w.s.h.SimpleUrlHandlerMapping - Mapped to ResourceHttpRequestHandler [classpath [META-INF/resources/webjars/]]
[2025-10-05 22:18:44:58836][https-jsse-nio-8443-exec-10] DEBUG o.s.web.servlet.DispatcherServlet - Completed 200 OK
[2025-10-05 22:18:44:58839][https-jsse-nio-8443-exec-6] DEBUG o.s.web.servlet.DispatcherServlet - Completed 200 OK
[2025-10-05 22:18:49:64550][MessageBroker-1] INFO  o.s.w.s.c.WebSocketMessageBrokerStats - WebSocketSession[0 current WS(0)-HttpStream(0)-HttpPoll(0), 0 total, 0 closed abnormally (0 connect failure, 0 send limit, 0 transport error)], stompSubProtocol[processed CONNECT(0)-CONNECTED(0)-DISCONNECT(0)], stompBrokerRelay[null], inboundChannel[pool size = 0, active threads = 0, queued tasks = 0, completed tasks = 0], outboundChannel[pool size = 0, active threads = 0, queued tasks = 0, completed tasks = 0], sockJsScheduler[pool size = 1, active threads = 1, queued tasks = 0, completed tasks = 0]
[2025-10-05 22:18:56:70665][https-jsse-nio-8443-exec-2] DEBUG o.s.web.servlet.DispatcherServlet - GET "/getWeather?landRegId=11H20000&taRegId=11H20101", parameters={masked}
[2025-10-05 22:18:56:70666][https-jsse-nio-8443-exec-2] DEBUG o.s.w.s.m.m.a.RequestMappingHandlerMapping - Mapped to edu.sm.controller.WeatherController#getWeather(String, String)
[2025-10-05 22:19:00:75280][https-jsse-nio-8443-exec-6] DEBUG o.s.web.servlet.DispatcherServlet - GET "/product", parameters={}
[2025-10-05 22:19:00:75280][https-jsse-nio-8443-exec-6] DEBUG o.s.w.s.m.m.a.RequestMappingHandlerMapping - Mapped to edu.sm.controller.ProductController#main(Model)
[2025-10-05 22:19:00:75281][https-jsse-nio-8443-exec-6] DEBUG o.s.w.s.v.ContentNegotiatingViewResolver - Selected 'text/html' given [text/html, application/xhtml+xml, image/avif, image/webp, image/apng, application/xml;q=0.9, */*;q=0.8, application/signed-exchange;v=b3;q=0.7]
[2025-10-05 22:19:00:75281][https-jsse-nio-8443-exec-6] DEBUG o.s.web.servlet.view.JstlView - View name [index], model {center=product/center, left=product/left}
[2025-10-05 22:19:00:75282][https-jsse-nio-8443-exec-6] DEBUG o.s.web.servlet.view.JstlView - Forwarding to [/views/index.jsp]
[2025-10-05 22:19:00:75475][https-jsse-nio-8443-exec-6] DEBUG o.s.web.servlet.DispatcherServlet - Completed 200 OK
[2025-10-05 22:19:00:75493][https-jsse-nio-8443-exec-1] DEBUG o.s.web.servlet.DispatcherServlet - GET "/webjars/sockjs-client/sockjs.min.js", parameters={}
[2025-10-05 22:19:00:75495][https-jsse-nio-8443-exec-1] DEBUG o.s.w.s.h.SimpleUrlHandlerMapping - Mapped to ResourceHttpRequestHandler [classpath [META-INF/resources/webjars/]]
[2025-10-05 22:19:00:75501][https-jsse-nio-8443-exec-1] DEBUG o.s.web.servlet.DispatcherServlet - Completed 200 OK
[2025-10-05 22:19:00:75505][https-jsse-nio-8443-exec-1] DEBUG o.s.web.servlet.DispatcherServlet - GET "/webjars/stomp-websocket/stomp.min.js", parameters={}
[2025-10-05 22:19:00:75505][https-jsse-nio-8443-exec-1] DEBUG o.s.w.s.h.SimpleUrlHandlerMapping - Mapped to ResourceHttpRequestHandler [classpath [META-INF/resources/webjars/]]
[2025-10-05 22:19:00:75508][https-jsse-nio-8443-exec-1] DEBUG o.s.web.servlet.DispatcherServlet - Completed 200 OK
[2025-10-05 22:19:04:79293][https-jsse-nio-8443-exec-5] DEBUG o.s.web.servlet.DispatcherServlet - GET "/chart", parameters={}
[2025-10-05 22:19:04:79295][https-jsse-nio-8443-exec-5] DEBUG o.s.w.s.m.m.a.RequestMappingHandlerMapping - Mapped to edu.sm.controller.ChartController#main(Model)
[2025-10-05 22:19:04:79296][https-jsse-nio-8443-exec-5] DEBUG o.s.w.s.v.ContentNegotiatingViewResolver - Selected 'text/html' given [text/html, application/xhtml+xml, image/avif, image/webp, image/apng, application/xml;q=0.9, */*;q=0.8, application/signed-exchange;v=b3;q=0.7]
[2025-10-05 22:19:04:79296][https-jsse-nio-8443-exec-5] DEBUG o.s.web.servlet.view.JstlView - View name [index], model {center=chart/center, left=chart/left}
[2025-10-05 22:19:04:79296][https-jsse-nio-8443-exec-5] DEBUG o.s.web.servlet.view.JstlView - Forwarding to [/views/index.jsp]
[2025-10-05 22:19:04:79458][https-jsse-nio-8443-exec-5] DEBUG o.s.web.servlet.DispatcherServlet - Completed 200 OK
[2025-10-05 22:19:04:79472][https-jsse-nio-8443-exec-7] DEBUG o.s.web.servlet.DispatcherServlet - GET "/webjars/sockjs-client/sockjs.min.js", parameters={}
[2025-10-05 22:19:04:79474][https-jsse-nio-8443-exec-4] DEBUG o.s.web.servlet.DispatcherServlet - GET "/webjars/stomp-websocket/stomp.min.js", parameters={}
[2025-10-05 22:19:04:79474][https-jsse-nio-8443-exec-7] DEBUG o.s.w.s.h.SimpleUrlHandlerMapping - Mapped to ResourceHttpRequestHandler [classpath [META-INF/resources/webjars/]]
[2025-10-05 22:19:04:79474][https-jsse-nio-8443-exec-4] DEBUG o.s.w.s.h.SimpleUrlHandlerMapping - Mapped to ResourceHttpRequestHandler [classpath [META-INF/resources/webjars/]]
[2025-10-05 22:19:04:79477][https-jsse-nio-8443-exec-4] DEBUG o.s.web.servlet.DispatcherServlet - Completed 200 OK
[2025-10-05 22:19:04:79481][https-jsse-nio-8443-exec-7] DEBUG o.s.web.servlet.DispatcherServlet - Completed 200 OK
[2025-10-05 22:19:06:81145][https-jsse-nio-8443-exec-1] DEBUG o.s.web.servlet.DispatcherServlet - GET "/chart/chart2", parameters={}
[2025-10-05 22:19:06:81146][https-jsse-nio-8443-exec-1] DEBUG o.s.w.s.m.m.a.RequestMappingHandlerMapping - Mapped to edu.sm.controller.ChartController#chart2(Model)
[2025-10-05 22:19:06:81146][https-jsse-nio-8443-exec-1] DEBUG o.s.w.s.v.ContentNegotiatingViewResolver - Selected 'text/html' given [text/html, application/xhtml+xml, image/avif, image/webp, image/apng, application/xml;q=0.9, */*;q=0.8, application/signed-exchange;v=b3;q=0.7]
[2025-10-05 22:19:06:81146][https-jsse-nio-8443-exec-1] DEBUG o.s.web.servlet.view.JstlView - View name [index], model {center=chart/chart2, left=chart/left}
[2025-10-05 22:19:06:81148][https-jsse-nio-8443-exec-1] DEBUG o.s.web.servlet.view.JstlView - Forwarding to [/views/index.jsp]
[2025-10-05 22:19:06:81225][https-jsse-nio-8443-exec-1] DEBUG o.s.web.servlet.DispatcherServlet - Completed 200 OK
[2025-10-05 22:19:06:81241][https-jsse-nio-8443-exec-3] DEBUG o.s.web.servlet.DispatcherServlet - GET "/webjars/sockjs-client/sockjs.min.js", parameters={}
[2025-10-05 22:19:06:81241][https-jsse-nio-8443-exec-9] DEBUG o.s.web.servlet.DispatcherServlet - GET "/webjars/stomp-websocket/stomp.min.js", parameters={}
[2025-10-05 22:19:06:81241][https-jsse-nio-8443-exec-9] DEBUG o.s.w.s.h.SimpleUrlHandlerMapping - Mapped to ResourceHttpRequestHandler [classpath [META-INF/resources/webjars/]]
[2025-10-05 22:19:06:81241][https-jsse-nio-8443-exec-3] DEBUG o.s.w.s.h.SimpleUrlHandlerMapping - Mapped to ResourceHttpRequestHandler [classpath [META-INF/resources/webjars/]]
[2025-10-05 22:19:06:81245][https-jsse-nio-8443-exec-9] DEBUG o.s.web.servlet.DispatcherServlet - Completed 200 OK
[2025-10-05 22:19:06:81248][https-jsse-nio-8443-exec-3] DEBUG o.s.web.servlet.DispatcherServlet - Completed 200 OK
[2025-10-05 22:19:07:82568][https-jsse-nio-8443-exec-10] DEBUG o.s.web.servlet.DispatcherServlet - GET "/chart/chart3", parameters={}
[2025-10-05 22:19:07:82568][https-jsse-nio-8443-exec-10] DEBUG o.s.w.s.m.m.a.RequestMappingHandlerMapping - Mapped to edu.sm.controller.ChartController#chart3(Model)
[2025-10-05 22:19:07:82569][https-jsse-nio-8443-exec-10] DEBUG o.s.w.s.v.ContentNegotiatingViewResolver - Selected 'text/html' given [text/html, application/xhtml+xml, image/avif, image/webp, image/apng, application/xml;q=0.9, */*;q=0.8, application/signed-exchange;v=b3;q=0.7]
[2025-10-05 22:19:07:82569][https-jsse-nio-8443-exec-10] DEBUG o.s.web.servlet.view.JstlView - View name [index], model {center=chart/chart3, left=chart/left}
[2025-10-05 22:19:07:82569][https-jsse-nio-8443-exec-10] DEBUG o.s.web.servlet.view.JstlView - Forwarding to [/views/index.jsp]
[2025-10-05 22:19:08:82640][https-jsse-nio-8443-exec-10] DEBUG o.s.web.servlet.DispatcherServlet - Completed 200 OK
[2025-10-05 22:19:08:82654][https-jsse-nio-8443-exec-6] DEBUG o.s.web.servlet.DispatcherServlet - GET "/webjars/sockjs-client/sockjs.min.js", parameters={}
[2025-10-05 22:19:08:82654][https-jsse-nio-8443-exec-8] DEBUG o.s.web.servlet.DispatcherServlet - GET "/webjars/stomp-websocket/stomp.min.js", parameters={}
[2025-10-05 22:19:08:82654][https-jsse-nio-8443-exec-6] DEBUG o.s.w.s.h.SimpleUrlHandlerMapping - Mapped to ResourceHttpRequestHandler [classpath [META-INF/resources/webjars/]]
[2025-10-05 22:19:08:82654][https-jsse-nio-8443-exec-8] DEBUG o.s.w.s.h.SimpleUrlHandlerMapping - Mapped to ResourceHttpRequestHandler [classpath [META-INF/resources/webjars/]]
[2025-10-05 22:19:08:82657][https-jsse-nio-8443-exec-8] DEBUG o.s.web.servlet.DispatcherServlet - Completed 200 OK
[2025-10-05 22:19:08:82660][https-jsse-nio-8443-exec-6] DEBUG o.s.web.servlet.DispatcherServlet - Completed 200 OK
[2025-10-05 22:19:08:83399][https-jsse-nio-8443-exec-2] DEBUG o.s.w.s.m.m.a.RequestResponseBodyMethodProcessor - Using 'application/json', given [application/json, text/javascript, */*;q=0.01] and supported [text/plain, */*, application/json, application/*+json]
[2025-10-05 22:19:08:83399][https-jsse-nio-8443-exec-2] DEBUG o.s.w.s.m.m.a.RequestResponseBodyMethodProcessor - Writing ["{"resultCode":"00","resultMsg":"OK","weather":{"wf4Am":"","wf4Pm":"","rnSt4Am":"","rnSt4Pm":"","taMa (truncated)..."]
[2025-10-05 22:19:08:83400][https-jsse-nio-8443-exec-2] DEBUG o.s.web.servlet.DispatcherServlet - Completed 200 OK
[2025-10-05 22:19:09:84145][https-jsse-nio-8443-exec-5] DEBUG o.s.web.servlet.DispatcherServlet - GET "/chart/chart4", parameters={}
[2025-10-05 22:19:09:84145][https-jsse-nio-8443-exec-5] DEBUG o.s.w.s.m.m.a.RequestMappingHandlerMapping - Mapped to edu.sm.controller.ChartController#chart4(Model)
[2025-10-05 22:19:09:84145][https-jsse-nio-8443-exec-5] DEBUG o.s.w.s.v.ContentNegotiatingViewResolver - Selected 'text/html' given [text/html, application/xhtml+xml, image/avif, image/webp, image/apng, application/xml;q=0.9, */*;q=0.8, application/signed-exchange;v=b3;q=0.7]
[2025-10-05 22:19:09:84145][https-jsse-nio-8443-exec-5] DEBUG o.s.web.servlet.view.JstlView - View name [index], model {center=chart/chart4, left=chart/left}
[2025-10-05 22:19:09:84146][https-jsse-nio-8443-exec-5] DEBUG o.s.web.servlet.view.JstlView - Forwarding to [/views/index.jsp]
[2025-10-05 22:19:09:84219][https-jsse-nio-8443-exec-5] DEBUG o.s.web.servlet.DispatcherServlet - Completed 200 OK
[2025-10-05 22:19:09:84232][https-jsse-nio-8443-exec-4] DEBUG o.s.web.servlet.DispatcherServlet - GET "/webjars/sockjs-client/sockjs.min.js", parameters={}
[2025-10-05 22:19:09:84232][https-jsse-nio-8443-exec-4] DEBUG o.s.w.s.h.SimpleUrlHandlerMapping - Mapped to ResourceHttpRequestHandler [classpath [META-INF/resources/webjars/]]
[2025-10-05 22:19:09:84239][https-jsse-nio-8443-exec-4] DEBUG o.s.web.servlet.DispatcherServlet - Completed 200 OK
[2025-10-05 22:19:09:84242][https-jsse-nio-8443-exec-4] DEBUG o.s.web.servlet.DispatcherServlet - GET "/webjars/stomp-websocket/stomp.min.js", parameters={}
[2025-10-05 22:19:09:84242][https-jsse-nio-8443-exec-4] DEBUG o.s.w.s.h.SimpleUrlHandlerMapping - Mapped to ResourceHttpRequestHandler [classpath [META-INF/resources/webjars/]]
[2025-10-05 22:19:09:84245][https-jsse-nio-8443-exec-4] DEBUG o.s.web.servlet.DispatcherServlet - Completed 200 OK
[2025-10-05 22:19:09:84449][https-jsse-nio-8443-exec-8] DEBUG o.s.web.servlet.DispatcherServlet - GET "/logs/maininfo.log", parameters={}
[2025-10-05 22:19:09:84449][https-jsse-nio-8443-exec-8] DEBUG o.s.w.s.h.SimpleUrlHandlerMapping - Mapped to ResourceHttpRequestHandler [URL [file:/C:/smspring/logs/]]
[2025-10-05 22:19:09:84462][https-jsse-nio-8443-exec-8] DEBUG o.s.web.servlet.DispatcherServlet - Completed 200 OK
[2025-10-05 22:19:09:84496][https-jsse-nio-8443-exec-2] DEBUG o.s.web.servlet.DispatcherServlet - GET "/logs/maininfo.log", parameters={}
[2025-10-05 22:19:09:84497][https-jsse-nio-8443-exec-2] DEBUG o.s.w.s.h.SimpleUrlHandlerMapping - Mapped to ResourceHttpRequestHandler [URL [file:/C:/smspring/logs/]]
[2025-10-05 22:19:09:84498][https-jsse-nio-8443-exec-2] DEBUG o.s.web.servlet.DispatcherServlet - Completed 200 OK
[2025-10-05 22:19:11:86539][https-jsse-nio-8443-exec-7] DEBUG o.s.web.servlet.DispatcherServlet - GET "/logs/maininfo.log", parameters={}
[2025-10-05 22:19:11:86539][https-jsse-nio-8443-exec-7] DEBUG o.s.w.s.h.SimpleUrlHandlerMapping - Mapped to ResourceHttpRequestHandler [URL [file:/C:/smspring/logs/]]
[2025-10-05 22:19:11:86542][https-jsse-nio-8443-exec-7] DEBUG o.s.web.servlet.DispatcherServlet - Completed 200 OK
[2025-10-05 22:19:11:86550][https-jsse-nio-8443-exec-1] DEBUG o.s.web.servlet.DispatcherServlet - GET "/logs/maininfo.log", parameters={}
[2025-10-05 22:19:11:86551][https-jsse-nio-8443-exec-1] DEBUG o.s.w.s.h.SimpleUrlHandlerMapping - Mapped to ResourceHttpRequestHandler [URL [file:/C:/smspring/logs/]]
[2025-10-05 22:19:11:86553][https-jsse-nio-8443-exec-1] DEBUG o.s.web.servlet.DispatcherServlet - Completed 200 OK
[2025-10-05 22:19:13:88554][https-jsse-nio-8443-exec-9] DEBUG o.s.web.servlet.DispatcherServlet - GET "/logs/maininfo.log", parameters={}
[2025-10-05 22:19:13:88555][https-jsse-nio-8443-exec-9] DEBUG o.s.w.s.h.SimpleUrlHandlerMapping - Mapped to ResourceHttpRequestHandler [URL [file:/C:/smspring/logs/]]
[2025-10-05 22:19:13:88557][https-jsse-nio-8443-exec-9] DEBUG o.s.web.servlet.DispatcherServlet - Completed 200 OK
[2025-10-05 22:19:13:88566][https-jsse-nio-8443-exec-3] DEBUG o.s.web.servlet.DispatcherServlet - GET "/logs/maininfo.log", parameters={}
[2025-10-05 22:19:13:88566][https-jsse-nio-8443-exec-3] DEBUG o.s.w.s.h.SimpleUrlHandlerMapping - Mapped to ResourceHttpRequestHandler [URL [file:/C:/smspring/logs/]]
[2025-10-05 22:19:13:88568][https-jsse-nio-8443-exec-3] DEBUG o.s.web.servlet.DispatcherServlet - Completed 200 OK
[2025-10-05 22:19:15:90286][https-jsse-nio-8443-exec-10] DEBUG o.s.web.servlet.DispatcherServlet - GET "/cust", parameters={}
[2025-10-05 22:19:15:90286][https-jsse-nio-8443-exec-10] DEBUG o.s.w.s.m.m.a.RequestMappingHandlerMapping - Mapped to edu.sm.controller.CustController#main(Model)
[2025-10-05 22:19:15:90287][https-jsse-nio-8443-exec-10] DEBUG o.s.w.s.v.ContentNegotiatingViewResolver - Selected 'text/html' given [text/html, application/xhtml+xml, image/avif, image/webp, image/apng, application/xml;q=0.9, */*;q=0.8, application/signed-exchange;v=b3;q=0.7]
[2025-10-05 22:19:15:90287][https-jsse-nio-8443-exec-10] DEBUG o.s.web.servlet.view.JstlView - View name [index], model {center=cust/center, left=cust/left}
[2025-10-05 22:19:15:90287][https-jsse-nio-8443-exec-10] DEBUG o.s.web.servlet.view.JstlView - Forwarding to [/views/index.jsp]
[2025-10-05 22:19:15:90461][https-jsse-nio-8443-exec-10] DEBUG o.s.web.servlet.DispatcherServlet - Completed 200 OK
[2025-10-05 22:19:15:90478][https-jsse-nio-8443-exec-6] DEBUG o.s.web.servlet.DispatcherServlet - GET "/webjars/stomp-websocket/stomp.min.js", parameters={}
[2025-10-05 22:19:15:90478][https-jsse-nio-8443-exec-4] DEBUG o.s.web.servlet.DispatcherServlet - GET "/webjars/sockjs-client/sockjs.min.js", parameters={}
[2025-10-05 22:19:15:90478][https-jsse-nio-8443-exec-4] DEBUG o.s.w.s.h.SimpleUrlHandlerMapping - Mapped to ResourceHttpRequestHandler [classpath [META-INF/resources/webjars/]]
[2025-10-05 22:19:15:90478][https-jsse-nio-8443-exec-6] DEBUG o.s.w.s.h.SimpleUrlHandlerMapping - Mapped to ResourceHttpRequestHandler [classpath [META-INF/resources/webjars/]]
[2025-10-05 22:19:15:90480][https-jsse-nio-8443-exec-6] DEBUG o.s.web.servlet.DispatcherServlet - Completed 200 OK
[2025-10-05 22:19:15:90484][https-jsse-nio-8443-exec-4] DEBUG o.s.web.servlet.DispatcherServlet - Completed 200 OK
